# This is a comment.
core: 8.x
api: 2
defaults:
  projects:
    subdir: contrib
projects:
  drupal:
    version: 8.1.10
    type: core
  address:
    version: 1.0-rc1
  admin_toolbar:
    version: '1.17'
  agls:
    version: 1.x-dev
  contact_storage:
    version: 1.0-beta7
  ctools:
    version: 3.0-alpha27
  devel:
    version: 1.0-alpha1
  eck:
    version: 1.0-alpha1
  fast_404:
    version: 1.0-alpha2
  google_analytics:
    version: '2.1'
  honeypot:
    version: '1.23'
  imce:
    version: '1.3'
  inline_entity_form:
    version: 1.0-alpha6
  libraries:
    version: 3.x-dev
  link_attributes:
    version: 1.0-alpha2
  menu_block:
    version: '1.4'
  menu_breadcrumb:
    version: 1.0-alpha1
  menu_trail_by_path:
    version: '1.0'
  metatag:
    version: 1.0-beta10
  pathauto:
    version: 1.0-beta1
  printable:
    version: 1.x-dev
    patch:
      - 'https://www.drupal.org/files/issues/string-is-a-special-class-2655664-5.patch'
  scheduled_updates:
    version: 1.0-alpha5
  taxonomy_machine_name:
    version: 1.0-alpha2
  token:
    version: 1.0-beta2
  salsa_helpers:
    subdir: custom
    download:
      type: git
      url: 'git@github.com:salsadigitalauorg/salsa_helpers.git'
      branch: 8.x
      revision: 00a7d30e0ed38d16dd79248fd830535d1e0d64b5

